<html>
<body>
<pre>
<h1>µVision Build Log</h1>
<h2>Tool Versions:</h2>
IDE-Version: µVision V5.36.0.0
Copyright (C) 2021 ARM Ltd and ARM Germany GmbH. All rights reserved.
License Information: Ata Shaker, Istanbul Technical University, LIC=IF8TD-SV1LX-FL8CE-IWLX8-RM735-GP9TJ
 
Tool Versions:
Toolchain:       MDK-ARM Community  Version: 5.36.0.0
Toolchain Path:  C:\Keil_v5\ARM\ARMCLANG\Bin
C Compiler:      ArmClang.exe V6.16
Assembler:       Armasm.exe V6.16
Linker/Locator:  ArmLink.exe V6.16
Library Manager: ArmAr.exe V6.16
Hex Converter:   FromElf.exe V6.16
CPU DLL:         SARMCM3.DLL V5.36.0.0
Dialog DLL:      DARMCM1.DLL V1.19.4.0
Target DLL:      UL2CM3.DLL V1.164.0.0
Dialog DLL:      TARMCM1.DLL V1.14.4.0
 
<h2>Project:</h2>
C:\Users\ata79\Documents\Keil\Project\Project.uvprojx
Project File Date:  05/23/2022

<h2>Output:</h2>
*** Using Compiler 'V6.16', folder: 'C:\Keil_v5\ARM\ARMCLANG\Bin'
Build target 'Target 1'
"main.s", line 406: Warning: A1488W: PROC/FUNC at line 43 in 'main.s' without matching ENDP/ENDFUNC
  406 000001f2                 END
"main.s", line 406: Warning: A1581W: Added 2 bytes of padding at address 0x1f2
  406 000001f4                 END
0 Errors, 2 Warnings
assembling main.s...
linking...
.\Objects\Project.sct(8): warning: L6314W: No section matches pattern *(InRoot$$Sections).
Program Size: Code=608 RO-data=606804 RW-data=0 ZI-data=1024  
Finished: 0 information, 1 warning and 0 error messages.
".\Objects\Project.axf" - 0 Error(s), 1 Warning(s).

<h2>Software Packages used:</h2>

Package Vendor: ARM
                http://www.keil.com/pack/ARM.CMSIS.5.9.0.pack
                ARM.CMSIS.5.9.0
                CMSIS (Common Microcontroller Software Interface Standard)

<h2>Collection of Component include folders:</h2>
  C:\Users\ata79\AppData\Local\Arm\Packs\ARM\CMSIS\5.9.0\Device\ARM\ARMCM0\Include

<h2>Collection of Component Files used:</h2>
Build Time Elapsed:  00:00:01
</pre>
</body>
</html>
