Component: ARM Compiler 6.16 Tool: armlink [5dfeaa00]

==============================================================================

Section Cross References

    main.o(RESET) refers to main.o(STACK) for __initial_sp
    main.o(RESET) refers to main.o(.text) for Reset_Handler
    main.o(RESET) refers to main.o(button) for Button_Handler
    main.o(.text) refers to main.o(main) for __main
    main.o(main) refers to title_screen.o(.rodata.title_screen) for title_screen
    main.o(main) refers to level_1.o(.rodata.level_1) for level_1
    main.o(main) refers to level_2.o(.rodata.level_2) for level_2
    main.o(main) refers to level_3.o(.rodata.level_3) for level_3
    main.o(main) refers to level_4.o(.rodata.level_4) for level_4
    main.o(main) refers to level_5.o(.rodata.level_5) for level_5
    main.o(main) refers to gameover_screen.o(.rodata.gameover_screen) for gameover_screen
    main.o(main) refers to arrow.o(.rodata.arrow) for arrow
    main.o(main) refers to zero_score.o(.rodata.zero_score) for zero_score
    main.o(main) refers to one_score.o(.rodata.one_score) for one_score
    main.o(main) refers to two_score.o(.rodata.two_score) for two_score
    main.o(main) refers to three_score.o(.rodata.three_score) for three_score
    main.o(main) refers to four_score.o(.rodata.four_score) for four_score
    main.o(main) refers to five_score.o(.rodata.five_score) for five_score


==============================================================================

Removing Unused input sections from the image.

    Removing arrow.o(.text), (0 bytes).
    Removing title_screen.o(.text), (0 bytes).
    Removing level_1.o(.text), (0 bytes).
    Removing level_2.o(.text), (0 bytes).
    Removing level_3.o(.text), (0 bytes).
    Removing level_4.o(.text), (0 bytes).
    Removing level_5.o(.text), (0 bytes).
    Removing gameover_screen.o(.text), (0 bytes).
    Removing zero_score.o(.text), (0 bytes).
    Removing one_score.o(.text), (0 bytes).
    Removing two_score.o(.text), (0 bytes).
    Removing three_score.o(.text), (0 bytes).
    Removing four_score.o(.text), (0 bytes).
    Removing five_score.o(.text), (0 bytes).

14 unused section(s) (total 0 bytes) removed from the image.

==============================================================================

Image Symbol Table

    Local Symbols

    Symbol Name                              Value     Ov Type        Size  Object(Section)

    arrow.c                                  0x00000000   Number         0  arrow.o ABSOLUTE
    five_score.c                             0x00000000   Number         0  five_score.o ABSOLUTE
    four_score.c                             0x00000000   Number         0  four_score.o ABSOLUTE
    gameover_screen.c                        0x00000000   Number         0  gameover_screen.o ABSOLUTE
    level_1.c                                0x00000000   Number         0  level_1.o ABSOLUTE
    level_2.c                                0x00000000   Number         0  level_2.o ABSOLUTE
    level_3.c                                0x00000000   Number         0  level_3.o ABSOLUTE
    level_4.c                                0x00000000   Number         0  level_4.o ABSOLUTE
    level_5.c                                0x00000000   Number         0  level_5.o ABSOLUTE
    main.s                                   0x00000000   Number         0  main.o ABSOLUTE
    one_score.c                              0x00000000   Number         0  one_score.o ABSOLUTE
    three_score.c                            0x00000000   Number         0  three_score.o ABSOLUTE
    title_screen.c                           0x00000000   Number         0  title_screen.o ABSOLUTE
    two_score.c                              0x00000000   Number         0  two_score.o ABSOLUTE
    zero_score.c                             0x00000000   Number         0  zero_score.o ABSOLUTE
    RESET                                    0x00000000   Section       68  main.o(RESET)
    .text                                    0x00000044   Section       20  main.o(.text)
    button                                   0x00000058   Section       28  main.o(button)
    main                                     0x00000074   Section      560  main.o(main)
    STACK                                    0x20000000   Section     1024  main.o(STACK)
    __initial_sp                             0x20000400   Data           0  main.o(STACK)

    Global Symbols

    Symbol Name                              Value     Ov Type        Size  Object(Section)

    BuildAttributes$$THM_ISAv3M$S$PE$A:L22$X:L11$S22$IEEE1$IW$~IW$USESV6$~STKCKD$USESV7$~SHL$OSPACE$EBA8$STANDARDLIB$REQ8$EABIv2 0x00000000   Number         0  anon$$obj.o ABSOLUTE
    __Vectors                                0x00000000   Data           4  main.o(RESET)
    Reset_Handler                            0x00000045   Thumb Code    12  main.o(.text)
    __Vectors_End                            0x00000044   Data           0  main.o(RESET)
    Button_Handler                           0x00000059   Thumb Code    24  main.o(button)
    __main                                   0x00000075   Thumb Code   498  main.o(main)
    arrow                                    0x000002a4   Data         400  arrow.o(.rodata.arrow)
    five_score                               0x00000434   Data         256  five_score.o(.rodata.five_score)
    four_score                               0x00000534   Data         256  four_score.o(.rodata.four_score)
    gameover_screen                          0x00000634   Data       86400  gameover_screen.o(.rodata.gameover_screen)
    level_1                                  0x000157b4   Data       86400  level_1.o(.rodata.level_1)
    level_2                                  0x0002a934   Data       86400  level_2.o(.rodata.level_2)
    level_3                                  0x0003fab4   Data       86400  level_3.o(.rodata.level_3)
    level_4                                  0x00054c34   Data       86400  level_4.o(.rodata.level_4)
    level_5                                  0x00069db4   Data       86400  level_5.o(.rodata.level_5)
    one_score                                0x0007ef34   Data         256  one_score.o(.rodata.one_score)
    three_score                              0x0007f034   Data         256  three_score.o(.rodata.three_score)
    title_screen                             0x0007f134   Data       86400  title_screen.o(.rodata.title_screen)
    two_score                                0x000942b4   Data         256  two_score.o(.rodata.two_score)
    zero_score                               0x000943b4   Data         256  zero_score.o(.rodata.zero_score)



==============================================================================

Memory Map of the image

  Image Entry point : 0x00000075

  Load Region LR_IROM1 (Base: 0x00000000, Size: 0x000944b4, Max: 0x000b0000, ABSOLUTE)

    Execution Region ER_IROM1 (Exec base: 0x00000000, Load base: 0x00000000, Size: 0x000944b4, Max: 0x000b0000, ABSOLUTE)

    Exec Addr    Load Addr    Size         Type   Attr      Idx    E Section Name        Object

    0x00000000   0x00000000   0x00000044   Data   RO            2    RESET               main.o
    0x00000044   0x00000044   0x00000014   Code   RO            3    .text               main.o
    0x00000058   0x00000058   0x0000001c   Code   RO            4    button              main.o
    0x00000074   0x00000074   0x00000230   Code   RO            5  * main                main.o
    0x000002a4   0x000002a4   0x00000190   Data   RO           18    .rodata.arrow       arrow.o
    0x00000434   0x00000434   0x00000100   Data   RO           96    .rodata.five_score  five_score.o
    0x00000534   0x00000534   0x00000100   Data   RO           90    .rodata.four_score  four_score.o
    0x00000634   0x00000634   0x00015180   Data   RO           60    .rodata.gameover_screen  gameover_screen.o
    0x000157b4   0x000157b4   0x00015180   Data   RO           30    .rodata.level_1     level_1.o
    0x0002a934   0x0002a934   0x00015180   Data   RO           36    .rodata.level_2     level_2.o
    0x0003fab4   0x0003fab4   0x00015180   Data   RO           42    .rodata.level_3     level_3.o
    0x00054c34   0x00054c34   0x00015180   Data   RO           48    .rodata.level_4     level_4.o
    0x00069db4   0x00069db4   0x00015180   Data   RO           54    .rodata.level_5     level_5.o
    0x0007ef34   0x0007ef34   0x00000100   Data   RO           72    .rodata.one_score   one_score.o
    0x0007f034   0x0007f034   0x00000100   Data   RO           84    .rodata.three_score  three_score.o
    0x0007f134   0x0007f134   0x00015180   Data   RO           24    .rodata.title_screen  title_screen.o
    0x000942b4   0x000942b4   0x00000100   Data   RO           78    .rodata.two_score   two_score.o
    0x000943b4   0x000943b4   0x00000100   Data   RO           66    .rodata.zero_score  zero_score.o


    Execution Region RW_IRAM1 (Exec base: 0x20000000, Load base: 0x000944b4, Size: 0x00000400, Max: 0x00020000, ABSOLUTE)

    Exec Addr    Load Addr    Size         Type   Attr      Idx    E Section Name        Object

    0x20000000        -       0x00000400   Zero   RW            1    STACK               main.o


==============================================================================

Image component sizes


      Code (inc. data)   RO Data    RW Data    ZI Data      Debug   Object Name

         0          0        400          0          0        340   arrow.o
         0          0        256          0          0        355   five_score.o
         0          0        256          0          0        355   four_score.o
         0          0      86400          0          0        372   gameover_screen.o
         0          0      86400          0          0        348   level_1.o
         0          0      86400          0          0        348   level_2.o
         0          0      86400          0          0        348   level_3.o
         0          0      86400          0          0        348   level_4.o
         0          0      86400          0          0        348   level_5.o
       608         74         68          0       1024       1104   main.o
         0          0        256          0          0        352   one_score.o
         0          0        256          0          0        358   three_score.o
         0          0      86400          0          0        363   title_screen.o
         0          0        256          0          0        352   two_score.o
         0          0        256          0          0        355   zero_score.o

    ----------------------------------------------------------------------
       608         74     606804          0       1024       6046   Object Totals
         0          0          0          0          0          0   (incl. Generated)
         0          0          0          0          0          0   (incl. Padding)

    ----------------------------------------------------------------------
         0          0          0          0          0          0   Library Totals
         0          0          0          0          0          0   (incl. Padding)

    ----------------------------------------------------------------------

==============================================================================


      Code (inc. data)   RO Data    RW Data    ZI Data      Debug   

       608         74     606804          0       1024       5942   Grand Totals
       608         74     606804          0       1024       5942   ELF Image Totals
       608         74     606804          0          0          0   ROM Totals

==============================================================================

    Total RO  Size (Code + RO Data)               607412 ( 593.18kB)
    Total RW  Size (RW Data + ZI Data)              1024 (   1.00kB)
    Total ROM Size (Code + RO Data + RW Data)     607412 ( 593.18kB)

==============================================================================

